[www.hegic.co/app.html]
[backblue.gif]
[fade.gif]
[index.html]
[www.hegic.co/assets/favicon.ico]
[www.hegic.co/assets/favicon-16x16.png]
[www.hegic.co/assets/favicon-32x32.png]
[www.hegic.co/assets/favicon-48x48.png]
[www.hegic.co/assets/manifest.webmanifest]
[www.hegic.co/assets/apple-touch-icon-57x57.png]
[www.hegic.co/assets/apple-touch-icon-60x60.png]
[www.hegic.co/assets/apple-touch-icon-72x72.png]
[www.hegic.co/assets/apple-touch-icon-76x76.png]
[www.hegic.co/assets/apple-touch-icon-114x114.png]
[www.hegic.co/assets/apple-touch-icon-120x120.png]
[www.hegic.co/assets/apple-touch-icon-144x144.png]
[www.hegic.co/assets/apple-touch-icon-152x152.png]
[www.hegic.co/assets/apple-touch-icon-167x167.png]
[www.hegic.co/assets/apple-touch-icon-180x180.png]
[www.hegic.co/assets/apple-touch-icon-1024x1024.png]
[www.hegic.co/assets/apple-touch-startup-image-640x1136.png]
[www.hegic.co/assets/apple-touch-startup-image-1136x640.png]
[www.hegic.co/assets/apple-touch-startup-image-750x1334.png]
[www.hegic.co/assets/apple-touch-startup-image-1334x750.png]
[www.hegic.co/assets/apple-touch-startup-image-1125x2436.png]
[www.hegic.co/assets/apple-touch-startup-image-2436x1125.png]
[www.hegic.co/assets/apple-touch-startup-image-1170x2532.png]
[www.hegic.co/assets/apple-touch-startup-image-2532x1170.png]
[www.hegic.co/assets/apple-touch-startup-image-828x1792.png]
[www.hegic.co/assets/apple-touch-startup-image-1792x828.png]
[www.hegic.co/assets/apple-touch-startup-image-1242x2688.png]
[www.hegic.co/assets/apple-touch-startup-image-2688x1242.png]
[www.hegic.co/assets/apple-touch-startup-image-1242x2208.png]
[www.hegic.co/assets/apple-touch-startup-image-2208x1242.png]
[www.hegic.co/assets/apple-touch-startup-image-1284x2778.png]
[www.hegic.co/assets/apple-touch-startup-image-2778x1284.png]
[www.hegic.co/assets/apple-touch-startup-image-1536x2048.png]
[www.hegic.co/assets/apple-touch-startup-image-2048x1536.png]
[www.hegic.co/assets/apple-touch-startup-image-1620x2160.png]
[www.hegic.co/assets/apple-touch-startup-image-2160x1620.png]
[www.hegic.co/assets/apple-touch-startup-image-1668x2388.png]
[www.hegic.co/assets/apple-touch-startup-image-2388x1668.png]
[www.hegic.co/assets/apple-touch-startup-image-1668x2224.png]
[www.hegic.co/assets/apple-touch-startup-image-2224x1668.png]
[www.hegic.co/assets/apple-touch-startup-image-2048x2732.png]
[www.hegic.co/assets/apple-touch-startup-image-2732x2048.png]
[www.hegic.co/assets/mstile-144x144.png]
[www.hegic.co/assets/browserconfig.xml]
[www.hegic.co/assets/yandex-browser-manifest.json]
[www.hegic.co/app.html]
[www.hegic.co/app.bundle.js]
